exports[`TextField renders correctly 1`] = `
<div
  className="textField_120drhm">
  Your Component Here :)
</div>
`;
